***********************************************************************************************
***                                                                                         ***
***                                   LINK INFORMATION                                    ***
***                                                                                         ***
***********************************************************************************************

Linker version:

  SEGGER ARM Linker 4.44d compiled Jun 20 2026 10:30:01
  Copyright (c) 2017-2025 SEGGER Microcontroller GmbH    www.segger.com


***********************************************************************************************
***                                                                                         ***
***                                    MODULE SUMMARY                                     ***
***                                                                                         ***
***********************************************************************************************

Memory use by input file:

  Object File                                       RX Code     RO Data     RW Data     ZI Data
  ---------------------------------------------  ----------  ----------  ----------  ----------
  gpio_config.o                                          30                                    
  main.o                                                 66         872                        
  note_and_wait.o                                        48                                    
  RCC_config.o                                           34                                    
  SEGGER_THUMB_Startup.o                                 20                                    
  STM32L432KC_FLASH.o                                    26                                    
  stm32l432xx_Vectors.o                                 532                                    
  STM32L4xx_Startup.o                                    64                                    
  system_stm32l4xx.o                                    462          64           4            
  timer6_freq.o                                         130                                    
  timer7_config.o                                        82                                    
  ---------------------------------------------  ----------  ----------  ----------  ----------
  Subtotal (11 objects)                               1 494         936           4            
  ---------------------------------------------  ----------  ----------  ----------  ----------
  SEGGER_crtinit_v7em_fpv4_sp_d16_hard_t_le_eabi_balanced.a
                                                         56                                    
  ---------------------------------------------  ----------  ----------  ----------  ----------
  Subtotal (1 archives)                                  56                                    
  ---------------------------------------------  ----------  ----------  ----------  ----------
  Linker created (shared data, fills, blocks):                       28                   2 048
  =============================================  ==========  ==========  ==========  ==========
  Total:                                              1 550         964           4       2 048
  =============================================  ==========  ==========  ==========  ==========

Memory use by archive member:

  Archive member                                    RX Code     RO Data     RW Data     ZI Data
  ---------------------------------------------  ----------  ----------  ----------  ----------
  SEGGER_crtinit.o (SEGGER_crtinit_v7em_fpv4_sp_d16_hard_t_le_eabi_balanced.a)
                                                         56                                    
  ---------------------------------------------  ----------  ----------  ----------  ----------
  Subtotal (1 members from 1 archives)                   56                                    
  Objects (11 files)                                  1 494         936           4            
  Linker created (shared data, fills, blocks):                       28                   2 048
  =============================================  ==========  ==========  ==========  ==========
  Total:                                              1 550         964           4       2 048
  =============================================  ==========  ==========  ==========  ==========

Memory use by linker:

  Description                                       RX Code     RO Data     RW Data     ZI Data
  ---------------------------------------------  ----------  ----------  ----------  ----------
  Initialization table                                               28                        
  Memory for block 'stack'                                                                2 048
  ---------------------------------------------  ----------  ----------  ----------  ----------
  Subtotal (linker created):                                         28                   2 048
  ---------------------------------------------  ----------  ----------  ----------  ----------
  Objects (11 files)                                  1 494         936           4            
  Archives (1 files)                                     56                                    
  =============================================  ==========  ==========  ==========  ==========
  Total:                                              1 550         964           4       2 048
  =============================================  ==========  ==========  ==========  ==========


***********************************************************************************************
***                                                                                         ***
***                                    SECTION DETAIL                                     ***
***                                                                                         ***
***********************************************************************************************

Sections by address:

  Range              Symbol or [section] Name         Size  Al  Init  Ac  Object File
  -----------------  -------------------------  ----------  --  ----  --  -----------
  08000000-0800018B  _vectors                          396  512
                                                                Code  RX  stm32l432xx_Vectors.o
  0800018C-080001E7  SystemInit                         92   4  Code  RX  system_stm32l4xx.o
  080001E8-08000217  MSIRangeTable                      48   4  Cnst  RO  system_stm32l4xx.o
  08000218-0800057F  notes                             872   4  Cnst  RO  main.o
  08000580-080005AF  note_and_wait                      48   4  Code  RX  note_and_wait.o
  080005B0-080005C3  _start                             20   4  Code  RX  SEGGER_THUMB_Startup.o
  080005C4-080005EB  HardFault_Handler                  40   4  Code  RX  STM32L4xx_Startup.o
  080005EC-0800075D  SystemCoreClockUpdate             370   4  Code  RX  system_stm32l4xx.o
  0800075E-0800075F  NMI_Handler                         2   2  Code  RX  stm32l432xx_Vectors.o
  08000760-0800077D  togglePin                          30   4  Code  RX  gpio_config.o
  0800077E-0800077F  MemManage_Handler                   2   2  Code  RX  stm32l432xx_Vectors.o
  08000780-080007C1  main                               66   4  Code  RX  main.o
  080007C2-080007C3  BusFault_Handler                    2   2  Code  RX  stm32l432xx_Vectors.o
  080007C4-080007E5  configureClock                     34   4  Code  RX  RCC_config.o
  080007E6-080007E7  UsageFault_Handler                  2   2  Code  RX  stm32l432xx_Vectors.o
  080007E8-08000801  configureFlash                     26   4  Code  RX  STM32L432KC_FLASH.o
  08000802-08000803  SVC_Handler                         2   2  Code  RX  stm32l432xx_Vectors.o
  08000804-08000885  configureTimer6                   130   4  Code  RX  timer6_freq.o
  08000886-08000887  DebugMon_Handler                    2   2  Code  RX  stm32l432xx_Vectors.o
  08000888-080008D9  configureTimer7                    82   4  Code  RX  timer7_config.o
  080008DA-080008DB  PendSV_Handler                      2   2  Code  RX  stm32l432xx_Vectors.o
  080008DC-080008DD  SysTick_Handler                     2   2  Code  RX  stm32l432xx_Vectors.o
  080008DE-080008DF  WWDG_IRQHandler                     2   2  Code  RX  stm32l432xx_Vectors.o
  080008E0-080008E1  PVD_PVM_IRQHandler                  2   2  Code  RX  stm32l432xx_Vectors.o
  080008E2-080008E3  TAMP_STAMP_IRQHandler               2   2  Code  RX  stm32l432xx_Vectors.o
  080008E4-080008E5  RTC_WKUP_IRQHandler                 2   2  Code  RX  stm32l432xx_Vectors.o
  080008E6-080008E7  FLASH_IRQHandler                    2   2  Code  RX  stm32l432xx_Vectors.o
  080008E8-080008E9  RCC_IRQHandler                      2   2  Code  RX  stm32l432xx_Vectors.o
  080008EA-080008EB  EXTI0_IRQHandler                    2   2  Code  RX  stm32l432xx_Vectors.o
  080008EC-080008ED  EXTI1_IRQHandler                    2   2  Code  RX  stm32l432xx_Vectors.o
  080008EE-080008EF  EXTI2_IRQHandler                    2   2  Code  RX  stm32l432xx_Vectors.o
  080008F0-080008F1  EXTI3_IRQHandler                    2   2  Code  RX  stm32l432xx_Vectors.o
  080008F2-080008F3  EXTI4_IRQHandler                    2   2  Code  RX  stm32l432xx_Vectors.o
  080008F4-080008F5  DMA1_Channel1_IRQHandler            2   2  Code  RX  stm32l432xx_Vectors.o
  080008F6-080008F7  DMA1_Channel2_IRQHandler            2   2  Code  RX  stm32l432xx_Vectors.o
  080008F8-080008F9  DMA1_Channel3_IRQHandler            2   2  Code  RX  stm32l432xx_Vectors.o
  080008FA-080008FB  DMA1_Channel4_IRQHandler            2   2  Code  RX  stm32l432xx_Vectors.o
  080008FC-080008FD  DMA1_Channel5_IRQHandler            2   2  Code  RX  stm32l432xx_Vectors.o
  080008FE-080008FF  DMA1_Channel6_IRQHandler            2   2  Code  RX  stm32l432xx_Vectors.o
  08000900-08000901  DMA1_Channel7_IRQHandler            2   2  Code  RX  stm32l432xx_Vectors.o
  08000902-08000903  ADC1_IRQHandler                     2   2  Code  RX  stm32l432xx_Vectors.o
  08000904-08000905  CAN1_TX_IRQHandler                  2   2  Code  RX  stm32l432xx_Vectors.o
  08000906-08000907  CAN1_RX0_IRQHandler                 2   2  Code  RX  stm32l432xx_Vectors.o
  08000908-08000909  CAN1_RX1_IRQHandler                 2   2  Code  RX  stm32l432xx_Vectors.o
  0800090A-0800090B  CAN1_SCE_IRQHandler                 2   2  Code  RX  stm32l432xx_Vectors.o
  0800090C-0800090D  EXTI9_5_IRQHandler                  2   2  Code  RX  stm32l432xx_Vectors.o
  0800090E-0800090F  TIM1_BRK_TIM15_IRQHandler           2   2  Code  RX  stm32l432xx_Vectors.o
  08000910-08000911  TIM1_UP_TIM16_IRQHandler            2   2  Code  RX  stm32l432xx_Vectors.o
  08000912-08000913  TIM1_TRG_COM_IRQHandler             2   2  Code  RX  stm32l432xx_Vectors.o
  08000914-08000915  TIM1_CC_IRQHandler                  2   2  Code  RX  stm32l432xx_Vectors.o
  08000916-08000917  TIM2_IRQHandler                     2   2  Code  RX  stm32l432xx_Vectors.o
  08000918-08000919  I2C1_EV_IRQHandler                  2   2  Code  RX  stm32l432xx_Vectors.o
  0800091A-0800091B  I2C1_ER_IRQHandler                  2   2  Code  RX  stm32l432xx_Vectors.o
  0800091C-0800091D  SPI1_IRQHandler                     2   2  Code  RX  stm32l432xx_Vectors.o
  0800091E-0800091F  USART1_IRQHandler                   2   2  Code  RX  stm32l432xx_Vectors.o
  08000920-08000921  USART2_IRQHandler                   2   2  Code  RX  stm32l432xx_Vectors.o
  08000922-08000923  EXTI15_10_IRQHandler                2   2  Code  RX  stm32l432xx_Vectors.o
  08000924-08000925  RTC_Alarm_IRQHandler                2   2  Code  RX  stm32l432xx_Vectors.o
  08000926-08000927  SPI3_IRQHandler                     2   2  Code  RX  stm32l432xx_Vectors.o
  08000928-08000929  TIM6_DAC_IRQHandler                 2   2  Code  RX  stm32l432xx_Vectors.o
  0800092A-0800092B  TIM7_IRQHandler                     2   2  Code  RX  stm32l432xx_Vectors.o
  0800092C-0800092D  DMA2_Channel1_IRQHandler            2   2  Code  RX  stm32l432xx_Vectors.o
  0800092E-0800092F  DMA2_Channel2_IRQHandler            2   2  Code  RX  stm32l432xx_Vectors.o
  08000930-08000931  DMA2_Channel3_IRQHandler            2   2  Code  RX  stm32l432xx_Vectors.o
  08000932-08000933  DMA2_Channel4_IRQHandler            2   2  Code  RX  stm32l432xx_Vectors.o
  08000934-08000935  DMA2_Channel5_IRQHandler            2   2  Code  RX  stm32l432xx_Vectors.o
  08000936-08000937  COMP_IRQHandler                     2   2  Code  RX  stm32l432xx_Vectors.o
  08000938-08000939  LPTIM1_IRQHandler                   2   2  Code  RX  stm32l432xx_Vectors.o
  0800093A-0800093B  LPTIM2_IRQHandler                   2   2  Code  RX  stm32l432xx_Vectors.o
  0800093C-0800093D  USB_IRQHandler                      2   2  Code  RX  stm32l432xx_Vectors.o
  0800093E-0800093F  DMA2_Channel6_IRQHandler            2   2  Code  RX  stm32l432xx_Vectors.o
  08000940-08000941  DMA2_Channel7_IRQHandler            2   2  Code  RX  stm32l432xx_Vectors.o
  08000942-08000943  LPUART1_IRQHandler                  2   2  Code  RX  stm32l432xx_Vectors.o
  08000944-08000945  QUADSPI_IRQHandler                  2   2  Code  RX  stm32l432xx_Vectors.o
  08000946-08000947  I2C3_EV_IRQHandler                  2   2  Code  RX  stm32l432xx_Vectors.o
  08000948-08000949  I2C3_ER_IRQHandler                  2   2  Code  RX  stm32l432xx_Vectors.o
  0800094A-0800094B  SAI1_IRQHandler                     2   2  Code  RX  stm32l432xx_Vectors.o
  0800094C-0800094D  SWPMI1_IRQHandler                   2   2  Code  RX  stm32l432xx_Vectors.o
  0800094E-0800094F  TSC_IRQHandler                      2   2  Code  RX  stm32l432xx_Vectors.o
  08000950-08000951  RNG_IRQHandler                      2   2  Code  RX  stm32l432xx_Vectors.o
  08000952-08000953  FPU_IRQHandler                      2   2  Code  RX  stm32l432xx_Vectors.o
  08000954-08000955  CRS_IRQHandler                      2   2  Code  RX  stm32l432xx_Vectors.o
  08000956-0800096D  reset_handler                      24   2  Code  RX  STM32L4xx_Startup.o
  0800096E-0800096F  ( UNUSED .=.+2 )                    2   -  ----  -   -
  08000970-08000973  [.init_array]                       4   4  ----  --  STM32L4xx_Startup.o
  08000974-08000983  AHBPrescTable                      16   1  Cnst  RO  system_stm32l4xx.o
  08000984-080009A7  __SEGGER_init_ctors                36   4  Code  RX  SEGGER_crtinit.o (SEGGER_crtinit_v7em_fpv4_sp_d16_hard_t_le_eabi_balanced.a)
  080009A8-080009BF  __SEGGER_init_table__              24   4  Cnst  RO  [ Linker created ]
  080009C0-080009C3  __SEGGER_init_data__                4   4  Cnst  RO  [ Linker created ]
  080009C4-080009D7  __SEGGER_init_copy                 20   2  Code  RX  SEGGER_crtinit.o (SEGGER_crtinit_v7em_fpv4_sp_d16_hard_t_le_eabi_balanced.a)
  080009D8-0FFFFFFF  ( UNUSED .=.+134215208 )   134 215 208
                                                             -  ----  -   -
  10000000-10000003  SystemCoreClock                     4   4  Init  RW  system_stm32l4xx.o
  10000004-2000B7FF  ( UNUSED .=.+268482556 )   268 482 556
                                                             -  ----  -   -
  2000B800-2000BFFF  [.bss.block.stack]              2 048   8  None  ZI  [ Linker created ]


***********************************************************************************************
***                                                                                         ***
***                                      SYMBOL LIST                                      ***
***                                                                                         ***
***********************************************************************************************

Function symbols by name:

  Symbol name                   Address        Size  Align  Type  Bd  Object File
  -------------------------  ----------  ----------  -----  ----  --  -----------
  ADC1_IRQHandler            0x08000903                  2  Code  Wk  stm32l432xx_Vectors.o
  BusFault_Handler           0x080007C3                  2  Code  Wk  stm32l432xx_Vectors.o
  CAN1_RX0_IRQHandler        0x08000907                  2  Code  Wk  stm32l432xx_Vectors.o
  CAN1_RX1_IRQHandler        0x08000909                  2  Code  Wk  stm32l432xx_Vectors.o
  CAN1_SCE_IRQHandler        0x0800090B                  2  Code  Wk  stm32l432xx_Vectors.o
  CAN1_TX_IRQHandler         0x08000905                  2  Code  Wk  stm32l432xx_Vectors.o
  COMP_IRQHandler            0x08000937                  2  Code  Wk  stm32l432xx_Vectors.o
  CRS_IRQHandler             0x08000955                  2  Code  Wk  stm32l432xx_Vectors.o
  DMA1_Channel1_IRQHandler   0x080008F5                  2  Code  Wk  stm32l432xx_Vectors.o
  DMA1_Channel2_IRQHandler   0x080008F7                  2  Code  Wk  stm32l432xx_Vectors.o
  DMA1_Channel3_IRQHandler   0x080008F9                  2  Code  Wk  stm32l432xx_Vectors.o
  DMA1_Channel4_IRQHandler   0x080008FB                  2  Code  Wk  stm32l432xx_Vectors.o
  DMA1_Channel5_IRQHandler   0x080008FD                  2  Code  Wk  stm32l432xx_Vectors.o
  DMA1_Channel6_IRQHandler   0x080008FF                  2  Code  Wk  stm32l432xx_Vectors.o
  DMA1_Channel7_IRQHandler   0x08000901                  2  Code  Wk  stm32l432xx_Vectors.o
  DMA2_Channel1_IRQHandler   0x0800092D                  2  Code  Wk  stm32l432xx_Vectors.o
  DMA2_Channel2_IRQHandler   0x0800092F                  2  Code  Wk  stm32l432xx_Vectors.o
  DMA2_Channel3_IRQHandler   0x08000931                  2  Code  Wk  stm32l432xx_Vectors.o
  DMA2_Channel4_IRQHandler   0x08000933                  2  Code  Wk  stm32l432xx_Vectors.o
  DMA2_Channel5_IRQHandler   0x08000935                  2  Code  Wk  stm32l432xx_Vectors.o
  DMA2_Channel6_IRQHandler   0x0800093F                  2  Code  Wk  stm32l432xx_Vectors.o
  DMA2_Channel7_IRQHandler   0x08000941                  2  Code  Wk  stm32l432xx_Vectors.o
  DebugMon_Handler           0x08000887                  2  Code  Wk  stm32l432xx_Vectors.o
  EXTI0_IRQHandler           0x080008EB                  2  Code  Wk  stm32l432xx_Vectors.o
  EXTI15_10_IRQHandler       0x08000923                  2  Code  Wk  stm32l432xx_Vectors.o
  EXTI1_IRQHandler           0x080008ED                  2  Code  Wk  stm32l432xx_Vectors.o
  EXTI2_IRQHandler           0x080008EF                  2  Code  Wk  stm32l432xx_Vectors.o
  EXTI3_IRQHandler           0x080008F1                  2  Code  Wk  stm32l432xx_Vectors.o
  EXTI4_IRQHandler           0x080008F3                  2  Code  Wk  stm32l432xx_Vectors.o
  EXTI9_5_IRQHandler         0x0800090D                  2  Code  Wk  stm32l432xx_Vectors.o
  FLASH_IRQHandler           0x080008E7                  2  Code  Wk  stm32l432xx_Vectors.o
  FPU_IRQHandler             0x08000953                  2  Code  Wk  stm32l432xx_Vectors.o
  HardFault_Handler          0x080005C5                  4  Code  Wk  STM32L4xx_Startup.o
  I2C1_ER_IRQHandler         0x0800091B                  2  Code  Wk  stm32l432xx_Vectors.o
  I2C1_EV_IRQHandler         0x08000919                  2  Code  Wk  stm32l432xx_Vectors.o
  I2C3_ER_IRQHandler         0x08000949                  2  Code  Wk  stm32l432xx_Vectors.o
  I2C3_EV_IRQHandler         0x08000947                  2  Code  Wk  stm32l432xx_Vectors.o
  LPTIM1_IRQHandler          0x08000939                  2  Code  Wk  stm32l432xx_Vectors.o
  LPTIM2_IRQHandler          0x0800093B                  2  Code  Wk  stm32l432xx_Vectors.o
  LPUART1_IRQHandler         0x08000943                  2  Code  Wk  stm32l432xx_Vectors.o
  MemManage_Handler          0x0800077F                  2  Code  Wk  stm32l432xx_Vectors.o
  NMI_Handler                0x0800075F                  2  Code  Wk  stm32l432xx_Vectors.o
  PVD_PVM_IRQHandler         0x080008E1                  2  Code  Wk  stm32l432xx_Vectors.o
  PendSV_Handler             0x080008DB                  2  Code  Wk  stm32l432xx_Vectors.o
  QUADSPI_IRQHandler         0x08000945                  2  Code  Wk  stm32l432xx_Vectors.o
  RCC_IRQHandler             0x080008E9                  2  Code  Wk  stm32l432xx_Vectors.o
  RNG_IRQHandler             0x08000951                  2  Code  Wk  stm32l432xx_Vectors.o
  RTC_Alarm_IRQHandler       0x08000925                  2  Code  Wk  stm32l432xx_Vectors.o
  RTC_WKUP_IRQHandler        0x080008E5                  2  Code  Wk  stm32l432xx_Vectors.o
  Reset_Handler              0x08000957                  2  Code  Gb  STM32L4xx_Startup.o
  SAI1_IRQHandler            0x0800094B                  2  Code  Wk  stm32l432xx_Vectors.o
  SPI1_IRQHandler            0x0800091D                  2  Code  Wk  stm32l432xx_Vectors.o
  SPI3_IRQHandler            0x08000927                  2  Code  Wk  stm32l432xx_Vectors.o
  SVC_Handler                0x08000803                  2  Code  Wk  stm32l432xx_Vectors.o
  SWPMI1_IRQHandler          0x0800094D                  2  Code  Wk  stm32l432xx_Vectors.o
  SysTick_Handler            0x080008DD                  2  Code  Wk  stm32l432xx_Vectors.o
  SystemCoreClockUpdate      0x080005ED         370      4  Code  Gb  system_stm32l4xx.o
  SystemInit                 0x0800018D          92      4  Code  Gb  system_stm32l4xx.o
  TAMP_STAMP_IRQHandler      0x080008E3                  2  Code  Wk  stm32l432xx_Vectors.o
  TIM1_BRK_TIM15_IRQHandler  0x0800090F                  2  Code  Wk  stm32l432xx_Vectors.o
  TIM1_CC_IRQHandler         0x08000915                  2  Code  Wk  stm32l432xx_Vectors.o
  TIM1_TRG_COM_IRQHandler    0x08000913                  2  Code  Wk  stm32l432xx_Vectors.o
  TIM1_UP_TIM16_IRQHandler   0x08000911                  2  Code  Wk  stm32l432xx_Vectors.o
  TIM2_IRQHandler            0x08000917                  2  Code  Wk  stm32l432xx_Vectors.o
  TIM6_DAC_IRQHandler        0x08000929                  2  Code  Wk  stm32l432xx_Vectors.o
  TIM7_IRQHandler            0x0800092B                  2  Code  Wk  stm32l432xx_Vectors.o
  TSC_IRQHandler             0x0800094F                  2  Code  Wk  stm32l432xx_Vectors.o
  USART1_IRQHandler          0x0800091F                  2  Code  Wk  stm32l432xx_Vectors.o
  USART2_IRQHandler          0x08000921                  2  Code  Wk  stm32l432xx_Vectors.o
  USB_IRQHandler             0x0800093D                  2  Code  Wk  stm32l432xx_Vectors.o
  UsageFault_Handler         0x080007E7                  2  Code  Wk  stm32l432xx_Vectors.o
  WWDG_IRQHandler            0x080008DF                  2  Code  Wk  stm32l432xx_Vectors.o
  __SEGGER_init_copy         0x080009C5          20      2  Code  Wk  SEGGER_crtinit.o (SEGGER_crtinit_v7em_fpv4_sp_d16_hard_t_le_eabi_balanced.a)
  __SEGGER_init_ctors        0x08000985          26      4  Code  Wk  SEGGER_crtinit.o (SEGGER_crtinit_v7em_fpv4_sp_d16_hard_t_le_eabi_balanced.a)
  __SEGGER_init_done         0x080005BB                  4  Code  Gb  SEGGER_THUMB_Startup.o
  __startup_complete         0x080005BB                  4  Code  Gb  SEGGER_THUMB_Startup.o
  _start                     0x080005B1          14      4  Code  Gb  SEGGER_THUMB_Startup.o
  configureClock             0x080007C5          34      4  Code  Gb  RCC_config.o
  configureFlash             0x080007E9          26      4  Code  Gb  STM32L432KC_FLASH.o
  configureTimer6            0x08000805         130      4  Code  Gb  timer6_freq.o
  configureTimer7            0x08000889          82      4  Code  Gb  timer7_config.o
  exit                       0x080005BF           2      4  Code  Gb  SEGGER_THUMB_Startup.o
  main                       0x08000781          66      4  Code  Gb  main.o
  note_and_wait              0x08000581          48      4  Code  Gb  note_and_wait.o
  reset_handler              0x08000957                  2  Code  Gb  STM32L4xx_Startup.o
  togglePin                  0x08000761          30      4  Code  Gb  gpio_config.o

Function symbols by address:

     Address  Symbol name                      Size  Align  Type  Bd  Object File
  ----------  -------------------------  ----------  -----  ----  --  -----------
  0x0800018D  SystemInit                         92      4  Code  Gb  system_stm32l4xx.o
  0x08000581  note_and_wait                      48      4  Code  Gb  note_and_wait.o
  0x080005B1  _start                             14      4  Code  Gb  SEGGER_THUMB_Startup.o
  0x080005BB  __startup_complete                         4  Code  Gb  SEGGER_THUMB_Startup.o
  0x080005BB  __SEGGER_init_done                         4  Code  Gb  SEGGER_THUMB_Startup.o
  0x080005BF  exit                                2      4  Code  Gb  SEGGER_THUMB_Startup.o
  0x080005C5  HardFault_Handler                          4  Code  Wk  STM32L4xx_Startup.o
  0x080005ED  SystemCoreClockUpdate             370      4  Code  Gb  system_stm32l4xx.o
  0x0800075F  NMI_Handler                                2  Code  Wk  stm32l432xx_Vectors.o
  0x08000761  togglePin                          30      4  Code  Gb  gpio_config.o
  0x0800077F  MemManage_Handler                          2  Code  Wk  stm32l432xx_Vectors.o
  0x08000781  main                               66      4  Code  Gb  main.o
  0x080007C3  BusFault_Handler                           2  Code  Wk  stm32l432xx_Vectors.o
  0x080007C5  configureClock                     34      4  Code  Gb  RCC_config.o
  0x080007E7  UsageFault_Handler                         2  Code  Wk  stm32l432xx_Vectors.o
  0x080007E9  configureFlash                     26      4  Code  Gb  STM32L432KC_FLASH.o
  0x08000803  SVC_Handler                                2  Code  Wk  stm32l432xx_Vectors.o
  0x08000805  configureTimer6                   130      4  Code  Gb  timer6_freq.o
  0x08000887  DebugMon_Handler                           2  Code  Wk  stm32l432xx_Vectors.o
  0x08000889  configureTimer7                    82      4  Code  Gb  timer7_config.o
  0x080008DB  PendSV_Handler                             2  Code  Wk  stm32l432xx_Vectors.o
  0x080008DD  SysTick_Handler                            2  Code  Wk  stm32l432xx_Vectors.o
  0x080008DF  WWDG_IRQHandler                            2  Code  Wk  stm32l432xx_Vectors.o
  0x080008E1  PVD_PVM_IRQHandler                         2  Code  Wk  stm32l432xx_Vectors.o
  0x080008E3  TAMP_STAMP_IRQHandler                      2  Code  Wk  stm32l432xx_Vectors.o
  0x080008E5  RTC_WKUP_IRQHandler                        2  Code  Wk  stm32l432xx_Vectors.o
  0x080008E7  FLASH_IRQHandler                           2  Code  Wk  stm32l432xx_Vectors.o
  0x080008E9  RCC_IRQHandler                             2  Code  Wk  stm32l432xx_Vectors.o
  0x080008EB  EXTI0_IRQHandler                           2  Code  Wk  stm32l432xx_Vectors.o
  0x080008ED  EXTI1_IRQHandler                           2  Code  Wk  stm32l432xx_Vectors.o
  0x080008EF  EXTI2_IRQHandler                           2  Code  Wk  stm32l432xx_Vectors.o
  0x080008F1  EXTI3_IRQHandler                           2  Code  Wk  stm32l432xx_Vectors.o
  0x080008F3  EXTI4_IRQHandler                           2  Code  Wk  stm32l432xx_Vectors.o
  0x080008F5  DMA1_Channel1_IRQHandler                   2  Code  Wk  stm32l432xx_Vectors.o
  0x080008F7  DMA1_Channel2_IRQHandler                   2  Code  Wk  stm32l432xx_Vectors.o
  0x080008F9  DMA1_Channel3_IRQHandler                   2  Code  Wk  stm32l432xx_Vectors.o
  0x080008FB  DMA1_Channel4_IRQHandler                   2  Code  Wk  stm32l432xx_Vectors.o
  0x080008FD  DMA1_Channel5_IRQHandler                   2  Code  Wk  stm32l432xx_Vectors.o
  0x080008FF  DMA1_Channel6_IRQHandler                   2  Code  Wk  stm32l432xx_Vectors.o
  0x08000901  DMA1_Channel7_IRQHandler                   2  Code  Wk  stm32l432xx_Vectors.o
  0x08000903  ADC1_IRQHandler                            2  Code  Wk  stm32l432xx_Vectors.o
  0x08000905  CAN1_TX_IRQHandler                         2  Code  Wk  stm32l432xx_Vectors.o
  0x08000907  CAN1_RX0_IRQHandler                        2  Code  Wk  stm32l432xx_Vectors.o
  0x08000909  CAN1_RX1_IRQHandler                        2  Code  Wk  stm32l432xx_Vectors.o
  0x0800090B  CAN1_SCE_IRQHandler                        2  Code  Wk  stm32l432xx_Vectors.o
  0x0800090D  EXTI9_5_IRQHandler                         2  Code  Wk  stm32l432xx_Vectors.o
  0x0800090F  TIM1_BRK_TIM15_IRQHandler                  2  Code  Wk  stm32l432xx_Vectors.o
  0x08000911  TIM1_UP_TIM16_IRQHandler                   2  Code  Wk  stm32l432xx_Vectors.o
  0x08000913  TIM1_TRG_COM_IRQHandler                    2  Code  Wk  stm32l432xx_Vectors.o
  0x08000915  TIM1_CC_IRQHandler                         2  Code  Wk  stm32l432xx_Vectors.o
  0x08000917  TIM2_IRQHandler                            2  Code  Wk  stm32l432xx_Vectors.o
  0x08000919  I2C1_EV_IRQHandler                         2  Code  Wk  stm32l432xx_Vectors.o
  0x0800091B  I2C1_ER_IRQHandler                         2  Code  Wk  stm32l432xx_Vectors.o
  0x0800091D  SPI1_IRQHandler                            2  Code  Wk  stm32l432xx_Vectors.o
  0x0800091F  USART1_IRQHandler                          2  Code  Wk  stm32l432xx_Vectors.o
  0x08000921  USART2_IRQHandler                          2  Code  Wk  stm32l432xx_Vectors.o
  0x08000923  EXTI15_10_IRQHandler                       2  Code  Wk  stm32l432xx_Vectors.o
  0x08000925  RTC_Alarm_IRQHandler                       2  Code  Wk  stm32l432xx_Vectors.o
  0x08000927  SPI3_IRQHandler                            2  Code  Wk  stm32l432xx_Vectors.o
  0x08000929  TIM6_DAC_IRQHandler                        2  Code  Wk  stm32l432xx_Vectors.o
  0x0800092B  TIM7_IRQHandler                            2  Code  Wk  stm32l432xx_Vectors.o
  0x0800092D  DMA2_Channel1_IRQHandler                   2  Code  Wk  stm32l432xx_Vectors.o
  0x0800092F  DMA2_Channel2_IRQHandler                   2  Code  Wk  stm32l432xx_Vectors.o
  0x08000931  DMA2_Channel3_IRQHandler                   2  Code  Wk  stm32l432xx_Vectors.o
  0x08000933  DMA2_Channel4_IRQHandler                   2  Code  Wk  stm32l432xx_Vectors.o
  0x08000935  DMA2_Channel5_IRQHandler                   2  Code  Wk  stm32l432xx_Vectors.o
  0x08000937  COMP_IRQHandler                            2  Code  Wk  stm32l432xx_Vectors.o
  0x08000939  LPTIM1_IRQHandler                          2  Code  Wk  stm32l432xx_Vectors.o
  0x0800093B  LPTIM2_IRQHandler                          2  Code  Wk  stm32l432xx_Vectors.o
  0x0800093D  USB_IRQHandler                             2  Code  Wk  stm32l432xx_Vectors.o
  0x0800093F  DMA2_Channel6_IRQHandler                   2  Code  Wk  stm32l432xx_Vectors.o
  0x08000941  DMA2_Channel7_IRQHandler                   2  Code  Wk  stm32l432xx_Vectors.o
  0x08000943  LPUART1_IRQHandler                         2  Code  Wk  stm32l432xx_Vectors.o
  0x08000945  QUADSPI_IRQHandler                         2  Code  Wk  stm32l432xx_Vectors.o
  0x08000947  I2C3_EV_IRQHandler                         2  Code  Wk  stm32l432xx_Vectors.o
  0x08000949  I2C3_ER_IRQHandler                         2  Code  Wk  stm32l432xx_Vectors.o
  0x0800094B  SAI1_IRQHandler                            2  Code  Wk  stm32l432xx_Vectors.o
  0x0800094D  SWPMI1_IRQHandler                          2  Code  Wk  stm32l432xx_Vectors.o
  0x0800094F  TSC_IRQHandler                             2  Code  Wk  stm32l432xx_Vectors.o
  0x08000951  RNG_IRQHandler                             2  Code  Wk  stm32l432xx_Vectors.o
  0x08000953  FPU_IRQHandler                             2  Code  Wk  stm32l432xx_Vectors.o
  0x08000955  CRS_IRQHandler                             2  Code  Wk  stm32l432xx_Vectors.o
  0x08000957  reset_handler                              2  Code  Gb  STM32L4xx_Startup.o
  0x08000957  Reset_Handler                              2  Code  Gb  STM32L4xx_Startup.o
  0x08000985  __SEGGER_init_ctors                26      4  Code  Wk  SEGGER_crtinit.o (SEGGER_crtinit_v7em_fpv4_sp_d16_hard_t_le_eabi_balanced.a)
  0x080009C5  __SEGGER_init_copy                 20      2  Code  Wk  SEGGER_crtinit.o (SEGGER_crtinit_v7em_fpv4_sp_d16_hard_t_le_eabi_balanced.a)

Function symbols by descending size:

  Symbol name                      Size  Align  Type  Bd  Object File
  -------------------------  ----------  -----  ----  --  -----------
  SystemCoreClockUpdate             370      4  Code  Gb  system_stm32l4xx.o
  configureTimer6                   130      4  Code  Gb  timer6_freq.o
  SystemInit                         92      4  Code  Gb  system_stm32l4xx.o
  configureTimer7                    82      4  Code  Gb  timer7_config.o
  main                               66      4  Code  Gb  main.o
  note_and_wait                      48      4  Code  Gb  note_and_wait.o
  configureClock                     34      4  Code  Gb  RCC_config.o
  togglePin                          30      4  Code  Gb  gpio_config.o
  __SEGGER_init_ctors                26      4  Code  Wk  SEGGER_crtinit.o (SEGGER_crtinit_v7em_fpv4_sp_d16_hard_t_le_eabi_balanced.a)
  configureFlash                     26      4  Code  Gb  STM32L432KC_FLASH.o
  __SEGGER_init_copy                 20      2  Code  Wk  SEGGER_crtinit.o (SEGGER_crtinit_v7em_fpv4_sp_d16_hard_t_le_eabi_balanced.a)
  _start                             14      4  Code  Gb  SEGGER_THUMB_Startup.o
  exit                                2      4  Code  Gb  SEGGER_THUMB_Startup.o
  ADC1_IRQHandler                            2  Code  Wk  stm32l432xx_Vectors.o
  BusFault_Handler                           2  Code  Wk  stm32l432xx_Vectors.o
  CAN1_RX0_IRQHandler                        2  Code  Wk  stm32l432xx_Vectors.o
  CAN1_RX1_IRQHandler                        2  Code  Wk  stm32l432xx_Vectors.o
  CAN1_SCE_IRQHandler                        2  Code  Wk  stm32l432xx_Vectors.o
  CAN1_TX_IRQHandler                         2  Code  Wk  stm32l432xx_Vectors.o
  COMP_IRQHandler                            2  Code  Wk  stm32l432xx_Vectors.o
  CRS_IRQHandler                             2  Code  Wk  stm32l432xx_Vectors.o
  DMA1_Channel1_IRQHandler                   2  Code  Wk  stm32l432xx_Vectors.o
  DMA1_Channel2_IRQHandler                   2  Code  Wk  stm32l432xx_Vectors.o
  DMA1_Channel3_IRQHandler                   2  Code  Wk  stm32l432xx_Vectors.o
  DMA1_Channel4_IRQHandler                   2  Code  Wk  stm32l432xx_Vectors.o
  DMA1_Channel5_IRQHandler                   2  Code  Wk  stm32l432xx_Vectors.o
  DMA1_Channel6_IRQHandler                   2  Code  Wk  stm32l432xx_Vectors.o
  DMA1_Channel7_IRQHandler                   2  Code  Wk  stm32l432xx_Vectors.o
  DMA2_Channel1_IRQHandler                   2  Code  Wk  stm32l432xx_Vectors.o
  DMA2_Channel2_IRQHandler                   2  Code  Wk  stm32l432xx_Vectors.o
  DMA2_Channel3_IRQHandler                   2  Code  Wk  stm32l432xx_Vectors.o
  DMA2_Channel4_IRQHandler                   2  Code  Wk  stm32l432xx_Vectors.o
  DMA2_Channel5_IRQHandler                   2  Code  Wk  stm32l432xx_Vectors.o
  DMA2_Channel6_IRQHandler                   2  Code  Wk  stm32l432xx_Vectors.o
  DMA2_Channel7_IRQHandler                   2  Code  Wk  stm32l432xx_Vectors.o
  DebugMon_Handler                           2  Code  Wk  stm32l432xx_Vectors.o
  EXTI0_IRQHandler                           2  Code  Wk  stm32l432xx_Vectors.o
  EXTI15_10_IRQHandler                       2  Code  Wk  stm32l432xx_Vectors.o
  EXTI1_IRQHandler                           2  Code  Wk  stm32l432xx_Vectors.o
  EXTI2_IRQHandler                           2  Code  Wk  stm32l432xx_Vectors.o
  EXTI3_IRQHandler                           2  Code  Wk  stm32l432xx_Vectors.o
  EXTI4_IRQHandler                           2  Code  Wk  stm32l432xx_Vectors.o
  EXTI9_5_IRQHandler                         2  Code  Wk  stm32l432xx_Vectors.o
  FLASH_IRQHandler                           2  Code  Wk  stm32l432xx_Vectors.o
  FPU_IRQHandler                             2  Code  Wk  stm32l432xx_Vectors.o
  HardFault_Handler                          4  Code  Wk  STM32L4xx_Startup.o
  I2C1_ER_IRQHandler                         2  Code  Wk  stm32l432xx_Vectors.o
  I2C1_EV_IRQHandler                         2  Code  Wk  stm32l432xx_Vectors.o
  I2C3_ER_IRQHandler                         2  Code  Wk  stm32l432xx_Vectors.o
  I2C3_EV_IRQHandler                         2  Code  Wk  stm32l432xx_Vectors.o
  LPTIM1_IRQHandler                          2  Code  Wk  stm32l432xx_Vectors.o
  LPTIM2_IRQHandler                          2  Code  Wk  stm32l432xx_Vectors.o
  LPUART1_IRQHandler                         2  Code  Wk  stm32l432xx_Vectors.o
  MemManage_Handler                          2  Code  Wk  stm32l432xx_Vectors.o
  NMI_Handler                                2  Code  Wk  stm32l432xx_Vectors.o
  PVD_PVM_IRQHandler                         2  Code  Wk  stm32l432xx_Vectors.o
  PendSV_Handler                             2  Code  Wk  stm32l432xx_Vectors.o
  QUADSPI_IRQHandler                         2  Code  Wk  stm32l432xx_Vectors.o
  RCC_IRQHandler                             2  Code  Wk  stm32l432xx_Vectors.o
  RNG_IRQHandler                             2  Code  Wk  stm32l432xx_Vectors.o
  RTC_Alarm_IRQHandler                       2  Code  Wk  stm32l432xx_Vectors.o
  RTC_WKUP_IRQHandler                        2  Code  Wk  stm32l432xx_Vectors.o
  Reset_Handler                              2  Code  Gb  STM32L4xx_Startup.o
  SAI1_IRQHandler                            2  Code  Wk  stm32l432xx_Vectors.o
  SPI1_IRQHandler                            2  Code  Wk  stm32l432xx_Vectors.o
  SPI3_IRQHandler                            2  Code  Wk  stm32l432xx_Vectors.o
  SVC_Handler                                2  Code  Wk  stm32l432xx_Vectors.o
  SWPMI1_IRQHandler                          2  Code  Wk  stm32l432xx_Vectors.o
  SysTick_Handler                            2  Code  Wk  stm32l432xx_Vectors.o
  TAMP_STAMP_IRQHandler                      2  Code  Wk  stm32l432xx_Vectors.o
  TIM1_BRK_TIM15_IRQHandler                  2  Code  Wk  stm32l432xx_Vectors.o
  TIM1_CC_IRQHandler                         2  Code  Wk  stm32l432xx_Vectors.o
  TIM1_TRG_COM_IRQHandler                    2  Code  Wk  stm32l432xx_Vectors.o
  TIM1_UP_TIM16_IRQHandler                   2  Code  Wk  stm32l432xx_Vectors.o
  TIM2_IRQHandler                            2  Code  Wk  stm32l432xx_Vectors.o
  TIM6_DAC_IRQHandler                        2  Code  Wk  stm32l432xx_Vectors.o
  TIM7_IRQHandler                            2  Code  Wk  stm32l432xx_Vectors.o
  TSC_IRQHandler                             2  Code  Wk  stm32l432xx_Vectors.o
  USART1_IRQHandler                          2  Code  Wk  stm32l432xx_Vectors.o
  USART2_IRQHandler                          2  Code  Wk  stm32l432xx_Vectors.o
  USB_IRQHandler                             2  Code  Wk  stm32l432xx_Vectors.o
  UsageFault_Handler                         2  Code  Wk  stm32l432xx_Vectors.o
  WWDG_IRQHandler                            2  Code  Wk  stm32l432xx_Vectors.o
  __SEGGER_init_done                         4  Code  Gb  SEGGER_THUMB_Startup.o
  __startup_complete                         4  Code  Gb  SEGGER_THUMB_Startup.o
  reset_handler                              2  Code  Gb  STM32L4xx_Startup.o

Read-write data symbols by name:

  Symbol name                   Address        Size  Align  Type  Bd  Object File
  -------------------------  ----------  ----------  -----  ----  --  -----------
  SystemCoreClock            0x10000000           4      4  Init  Gb  system_stm32l4xx.o

Read-write data symbols by address:

     Address  Symbol name                      Size  Align  Type  Bd  Object File
  ----------  -------------------------  ----------  -----  ----  --  -----------
  0x10000000  SystemCoreClock                     4      4  Init  Gb  system_stm32l4xx.o

Read-write data symbols by descending size:

  Symbol name                      Size  Align  Type  Bd  Object File
  -------------------------  ----------  -----  ----  --  -----------
  SystemCoreClock                     4      4  Init  Gb  system_stm32l4xx.o

Read-only data symbols by name:

  Symbol name                   Address        Size  Align  Type  Bd  Object File
  -------------------------  ----------  ----------  -----  ----  --  -----------
  AHBPrescTable              0x08000974          16         Cnst  Gb  system_stm32l4xx.o
  MSIRangeTable              0x080001E8          48      4  Cnst  Gb  system_stm32l4xx.o
  __SEGGER_init_data__       0x080009C0         [4]      4  Cnst  Lc  [ Linker created ]
  __SEGGER_init_table__      0x080009A8        [24]      4  Cnst  Lc  [ Linker created ]
  notes                      0x08000218         872      4  Cnst  Gb  main.o

Read-only data symbols by address:

     Address  Symbol name                      Size  Align  Type  Bd  Object File
  ----------  -------------------------  ----------  -----  ----  --  -----------
  0x080001E8  MSIRangeTable                      48      4  Cnst  Gb  system_stm32l4xx.o
  0x08000218  notes                             872      4  Cnst  Gb  main.o
  0x08000974  AHBPrescTable                      16         Cnst  Gb  system_stm32l4xx.o
  0x080009A8  __SEGGER_init_table__            [24]      4  Cnst  Lc  [ Linker created ]
  0x080009C0  __SEGGER_init_data__              [4]      4  Cnst  Lc  [ Linker created ]

Untyped symbols by name:

  Symbol name                     Value        Size  Align  Type  Bd  Object File
  -------------------------  ----------  ----------  -----  ----  --  -----------
  __FLASH1_segment_end__     0x08040000                     ----  Gb  [ Linker created ]
  __FLASH1_segment_size__    0x00040000                     ----  Gb  [ Linker created ]
  __FLASH1_segment_start__   0x08000000                     ----  Gb  [ Linker created ]
  __FLASH1_segment_used_end__
                             0x080009D8                     ----  Gb  [ Linker created ]
  __FLASH1_segment_used_size__
                             0x000009D8                     ----  Gb  [ Linker created ]
  __FLASH1_segment_used_start__
                             0x08000000                     ----  Gb  [ Linker created ]
  __FLASH_segment_end__      0x08040000                     ----  Gb  [ Linker created ]
  __FLASH_segment_size__     0x00040000                     ----  Gb  [ Linker created ]
  __FLASH_segment_start__    0x08000000                     ----  Gb  [ Linker created ]
  __FLASH_segment_used_end__
                             0x080009D8                     ----  Gb  [ Linker created ]
  __FLASH_segment_used_size__
                             0x000009D8                     ----  Gb  [ Linker created ]
  __FLASH_segment_used_start__
                             0x08000000                     ----  Gb  [ Linker created ]
  __HEAPSIZE__               0x00000400                     ----  Gb  [ Linker created ]
  __RAM1_segment_end__       0x10004000                     ----  Gb  [ Linker created ]
  __RAM1_segment_size__      0x00004000                     ----  Gb  [ Linker created ]
  __RAM1_segment_start__     0x10000000                     ----  Gb  [ Linker created ]
  __RAM1_segment_used_end__  0x10000004                     ----  Gb  [ Linker created ]
  __RAM1_segment_used_size__
                             0x00000004                     ----  Gb  [ Linker created ]
  __RAM1_segment_used_start__
                             0x10000000                     ----  Gb  [ Linker created ]
  __RAM2_segment_end__       0x2000C000                     ----  Gb  [ Linker created ]
  __RAM2_segment_size__      0x0000C000                     ----  Gb  [ Linker created ]
  __RAM2_segment_start__     0x20000000                     ----  Gb  [ Linker created ]
  __RAM2_segment_used_end__  0x2000C000                     ----  Gb  [ Linker created ]
  __RAM2_segment_used_size__
                             0x00000800                     ----  Gb  [ Linker created ]
  __RAM2_segment_used_start__
                             0x2000B800                     ----  Gb  [ Linker created ]
  __RAM_segment_end__        0x2000C000                     ----  Gb  [ Linker created ]
  __RAM_segment_size__       0x1000C000                     ----  Gb  [ Linker created ]
  __RAM_segment_start__      0x10000000                     ----  Gb  [ Linker created ]
  __RAM_segment_used_end__   0x2000C000                     ----  Gb  [ Linker created ]
  __RAM_segment_used_size__  0x1000C000                     ----  Gb  [ Linker created ]
  __RAM_segment_used_start__
                             0x10000000                     ----  Gb  [ Linker created ]
  __STACKSIZE_PROCESS__      0x00000000                     ----  Gb  [ Linker created ]
  __STACKSIZE__              0x00000800                     ----  Gb  [ Linker created ]
  __ctors_end__              0x08000974                     ----  Gb  [ Linker created ]
  __ctors_start__            0x08000970                     ----  Gb  [ Linker created ]
  __stack_end__              0x2000C000                     ----  Gb  [ Linker created ]
  __thread_pointer$          0x00000000                     ----  Gb  [ Linker created ]
  _vectors                   0x08000000       [396]    512  Code  Gb  stm32l432xx_Vectors.o
  _vectors_end               0x0800018C                512  Code  Lc  stm32l432xx_Vectors.o

Untyped symbols by address:

       Value  Symbol name                      Size  Align  Type  Bd  Object File
  ----------  -------------------------  ----------  -----  ----  --  -----------
  0x00000000  __thread_pointer$                             ----  Gb  [ Linker created ]
  0x00000000  __STACKSIZE_PROCESS__                         ----  Gb  [ Linker created ]
  0x00000004  __RAM1_segment_used_size__
                                                            ----  Gb  [ Linker created ]
  0x00000400  __HEAPSIZE__                                  ----  Gb  [ Linker created ]
  0x00000800  __STACKSIZE__                                 ----  Gb  [ Linker created ]
  0x00000800  __RAM2_segment_used_size__
                                                            ----  Gb  [ Linker created ]
  0x000009D8  __FLASH_segment_used_size__
                                                            ----  Gb  [ Linker created ]
  0x000009D8  __FLASH1_segment_used_size__
                                                            ----  Gb  [ Linker created ]
  0x00004000  __RAM1_segment_size__                         ----  Gb  [ Linker created ]
  0x0000C000  __RAM2_segment_size__                         ----  Gb  [ Linker created ]
  0x00040000  __FLASH_segment_size__                        ----  Gb  [ Linker created ]
  0x00040000  __FLASH1_segment_size__                       ----  Gb  [ Linker created ]
  0x08000000  _vectors                        [396]    512  Code  Gb  stm32l432xx_Vectors.o
  0x08000000  __FLASH_segment_used_start__
                                                            ----  Gb  [ Linker created ]
  0x08000000  __FLASH_segment_start__                       ----  Gb  [ Linker created ]
  0x08000000  __FLASH1_segment_used_start__
                                                            ----  Gb  [ Linker created ]
  0x08000000  __FLASH1_segment_start__                      ----  Gb  [ Linker created ]
  0x0800018C  _vectors_end                             512  Code  Lc  stm32l432xx_Vectors.o
  0x08000970  __ctors_start__                               ----  Gb  [ Linker created ]
  0x08000974  __ctors_end__                                 ----  Gb  [ Linker created ]
  0x080009D8  __FLASH_segment_used_end__
                                                            ----  Gb  [ Linker created ]
  0x080009D8  __FLASH1_segment_used_end__
                                                            ----  Gb  [ Linker created ]
  0x08040000  __FLASH_segment_end__                         ----  Gb  [ Linker created ]
  0x08040000  __FLASH1_segment_end__                        ----  Gb  [ Linker created ]
  0x10000000  __RAM_segment_used_start__
                                                            ----  Gb  [ Linker created ]
  0x10000000  __RAM_segment_start__                         ----  Gb  [ Linker created ]
  0x10000000  __RAM1_segment_used_start__
                                                            ----  Gb  [ Linker created ]
  0x10000000  __RAM1_segment_start__                        ----  Gb  [ Linker created ]
  0x10000004  __RAM1_segment_used_end__                     ----  Gb  [ Linker created ]
  0x10004000  __RAM1_segment_end__                          ----  Gb  [ Linker created ]
  0x1000C000  __RAM_segment_used_size__                     ----  Gb  [ Linker created ]
  0x1000C000  __RAM_segment_size__                          ----  Gb  [ Linker created ]
  0x20000000  __RAM2_segment_start__                        ----  Gb  [ Linker created ]
  0x2000B800  __RAM2_segment_used_start__
                                                            ----  Gb  [ Linker created ]
  0x2000C000  __stack_end__                                 ----  Gb  [ Linker created ]
  0x2000C000  __RAM_segment_used_end__                      ----  Gb  [ Linker created ]
  0x2000C000  __RAM_segment_end__                           ----  Gb  [ Linker created ]
  0x2000C000  __RAM2_segment_used_end__                     ----  Gb  [ Linker created ]
  0x2000C000  __RAM2_segment_end__                          ----  Gb  [ Linker created ]


***********************************************************************************************
***                                                                                         ***
***                                     LINK SUMMARY                                      ***
***                                                                                         ***
***********************************************************************************************

Memory breakdown:

    1 550 bytes read-only  code    + 
      964 bytes read-only  data    =   2 514 bytes read-only (total)
    2 052 bytes read-write data

Region summary:

  Name        Range                     Size                 Used               Unused       Alignment Loss
  ----------  -----------------  -----------  -------------------  -------------------  -------------------
  FLASH       08000000-0803FFFF      262 144        2 518   0.96%      259 626  99.04%            0   0.00%
  RAM1        10000000-10003FFF       16 384            4   0.02%       16 380  99.98%            0   0.00%
  RAM2        20000000-2000BFFF       49 152        2 048   4.17%       47 104  95.83%            0   0.00%

Link complete: 0 error.
